<html>
<body>
<pre>
<h1>µVision Build Log</h1>
<h2>Tool Versions:</h2>
IDE-Version: µVision V5.25.2.0
Copyright (C) 2018 ARM Ltd and ARM Germany GmbH. All rights reserved.
License Information: Willie DRake, harvey mudd college, LIC=----
 
Tool Versions:
Toolchain:       MDK-Lite  Version: 5.25.2.0
Toolchain Path:  f:\Keil_v5\ARM\ARMCC\Bin
C Compiler:      Armcc.exe V5.06 update 6 (build 750)
Assembler:       Armasm.exe V5.06 update 6 (build 750)
Linker/Locator:  ArmLink.exe V5.06 update 6 (build 750)
Library Manager: ArmAr.exe V5.06 update 6 (build 750)
Hex Converter:   FromElf.exe V5.06 update 6 (build 750)
CPU DLL:         SARMCM3.DLL V5.25.2.0
Dialog DLL:      DCM.DLL V1.17.1.0
Target DLL:      Segger\JL2CM3.dll V2.99.29.0
Dialog DLL:      TCM.DLL V1.35.1.0
 
<h2>Project:</h2>
C:\Users\atrujillo\Desktop\microps\final\microcontroller\SAM4S4B_lab7\rubiks.uvprojx
Project File Date:  11/19/2019

<h2>Output:</h2>
*** Using Compiler 'V5.06 update 6 (build 750)', folder: 'f:\Keil_v5\ARM\ARMCC\Bin'
Build target 'Target 1'
compiling microps.c...
microps.c(69): warning:  #1295-D: Deprecated declaration user_interface_setup - give arg types
  int user_interface_setup();
microps.c(89): warning:  #1295-D: Deprecated declaration seed_generator - give arg types
  void seed_generator();
microps.c(95): warning:  #177-D: variable "pinCWLast"  was declared but never referenced
  	int pinCWLast; // used to track the most recent rot. encoder position
microps.c(96): warning:  #177-D: variable "rot"  was declared but never referenced
  	int rot; // used to read a current rot position 
microps.c(118): warning:  #550-D: variable "user_input"  was set but never used
  	char user_input[2];
microps.c(661): warning:  #1-D: last line of file ends without a newline
  }
microps.c: 6 warnings, 0 errors
linking...
Program Size: Code=3920 RO-data=236 RW-data=72 ZI-data=1376  
".\Objects\rubiks.axf" - 0 Error(s), 6 Warning(s).

<h2>Software Packages used:</h2>

Package Vendor: ARM
                http://www.keil.com/pack/ARM.CMSIS.5.3.0.pack
                ARM.CMSIS.5.3.0
                CMSIS (Cortex Microcontroller Software Interface Standard)
   * Component: CORE Version: 5.1.1

Package Vendor: Keil
                http://www.keil.com/pack/Keil.SAM4_DFP.1.6.1.pack
                Keil.SAM4_DFP.1.6.1
                Microchip SAM4 Series Device Support and Examples
   * Component: Startup Version: 1.1.2

<h2>Collection of Component include folders:</h2>
  .\RTE\_Target_1
  f:\Keil_v5\ARM\PACK\ARM\CMSIS\5.3.0\CMSIS\Include
  f:\Keil_v5\ARM\PACK\Keil\SAM4_DFP\1.6.1\Device\Include\SAM4S

<h2>Collection of Component Files used:</h2>

   * Component: ARM::CMSIS:CORE:5.1.1

   * Component: Keil::Device:Startup:1.1.2
      Source file:   Device\Source\system_SAM4S.c
      Source file:   Device\Source\ARM\SAM4xGPNVM.s
      Source file:   Device\Source\ARM\startup_SAM4S.s
Build Time Elapsed:  00:00:01
</pre>
</body>
</html>
