------------------------------------------------------------
Timing Analyzer Summary
------------------------------------------------------------

Type  : Slow 1200mV 85C Model Setup 'clk'
Slack : -9.315
TNS   : -266.747

Type  : Slow 1200mV 85C Model Setup 'sck'
Slack : -2.495
TNS   : -365.164

Type  : Slow 1200mV 85C Model Hold 'clk'
Slack : 0.453
TNS   : 0.000

Type  : Slow 1200mV 85C Model Hold 'sck'
Slack : 0.477
TNS   : 0.000

Type  : Slow 1200mV 85C Model Minimum Pulse Width 'sck'
Slack : -3.000
TNS   : -255.790

Type  : Slow 1200mV 85C Model Minimum Pulse Width 'clk'
Slack : -3.000
TNS   : -84.785

Type  : Slow 1200mV 0C Model Setup 'clk'
Slack : -8.668
TNS   : -250.298

Type  : Slow 1200mV 0C Model Setup 'sck'
Slack : -2.242
TNS   : -323.052

Type  : Slow 1200mV 0C Model Hold 'sck'
Slack : 0.389
TNS   : 0.000

Type  : Slow 1200mV 0C Model Hold 'clk'
Slack : 0.401
TNS   : 0.000

Type  : Slow 1200mV 0C Model Minimum Pulse Width 'sck'
Slack : -3.000
TNS   : -255.844

Type  : Slow 1200mV 0C Model Minimum Pulse Width 'clk'
Slack : -3.000
TNS   : -84.785

Type  : Fast 1200mV 0C Model Setup 'clk'
Slack : -3.493
TNS   : -86.216

Type  : Fast 1200mV 0C Model Setup 'sck'
Slack : -0.525
TNS   : -62.061

Type  : Fast 1200mV 0C Model Hold 'clk'
Slack : 0.187
TNS   : 0.000

Type  : Fast 1200mV 0C Model Hold 'sck'
Slack : 0.206
TNS   : 0.000

Type  : Fast 1200mV 0C Model Minimum Pulse Width 'sck'
Slack : -3.000
TNS   : -195.443

Type  : Fast 1200mV 0C Model Minimum Pulse Width 'clk'
Slack : -3.000
TNS   : -61.566

------------------------------------------------------------
