------------------------------------------------------------
Timing Analyzer Summary
------------------------------------------------------------

Type  : Slow 1200mV 85C Model Setup 'clk'
Slack : -6.918
TNS   : -209.759

Type  : Slow 1200mV 85C Model Setup 'sck'
Slack : -1.200
TNS   : -12.158

Type  : Slow 1200mV 85C Model Hold 'clk'
Slack : 0.454
TNS   : 0.000

Type  : Slow 1200mV 85C Model Hold 'sck'
Slack : 0.705
TNS   : 0.000

Type  : Slow 1200mV 85C Model Minimum Pulse Width 'clk'
Slack : -3.000
TNS   : -77.350

Type  : Slow 1200mV 85C Model Minimum Pulse Width 'sck'
Slack : -3.000
TNS   : -43.149

Type  : Slow 1200mV 0C Model Setup 'clk'
Slack : -6.432
TNS   : -194.814

Type  : Slow 1200mV 0C Model Setup 'sck'
Slack : -1.103
TNS   : -9.498

Type  : Slow 1200mV 0C Model Hold 'clk'
Slack : 0.403
TNS   : 0.000

Type  : Slow 1200mV 0C Model Hold 'sck'
Slack : 0.662
TNS   : 0.000

Type  : Slow 1200mV 0C Model Minimum Pulse Width 'clk'
Slack : -3.000
TNS   : -77.350

Type  : Slow 1200mV 0C Model Minimum Pulse Width 'sck'
Slack : -3.000
TNS   : -43.149

Type  : Fast 1200mV 0C Model Setup 'clk'
Slack : -2.341
TNS   : -62.685

Type  : Fast 1200mV 0C Model Setup 'sck'
Slack : 0.092
TNS   : 0.000

Type  : Fast 1200mV 0C Model Hold 'clk'
Slack : 0.187
TNS   : 0.000

Type  : Fast 1200mV 0C Model Hold 'sck'
Slack : 0.287
TNS   : 0.000

Type  : Fast 1200mV 0C Model Minimum Pulse Width 'clk'
Slack : -3.000
TNS   : -56.349

Type  : Fast 1200mV 0C Model Minimum Pulse Width 'sck'
Slack : -3.000
TNS   : -33.057

------------------------------------------------------------
