Component: ARM Compiler 5.06 update 6 (build 750) Tool: armlink [4d35ed]

==============================================================================

Section Cross References

    microps.o(i.adcChannelInit) refers to microps.o(i.pioPinMode) for pioPinMode
    microps.o(i.adcInit) refers to microps.o(i.pmcEnablePeriph) for pmcEnablePeriph
    microps.o(i.adcInit) refers to microps.o(i.pioInit) for pioInit
    microps.o(i.adcRead) refers to fflt_clz.o(x$fpl$fflt) for __aeabi_i2f
    microps.o(i.adcRead) refers to fdiv.o(x$fpl$fdiv) for __aeabi_fdiv
    microps.o(i.adcRead) refers to f2d.o(x$fpl$f2d) for __aeabi_f2d
    microps.o(i.adcRead) refers to dmul.o(x$fpl$dmul) for __aeabi_dmul
    microps.o(i.adcRead) refers to d2f.o(x$fpl$d2f) for __aeabi_d2f
    microps.o(i.main) refers to microps.o(i.samInit) for samInit
    microps.o(i.main) refers to microps.o(i.pioInit) for pioInit
    microps.o(i.main) refers to microps.o(i.spiInit) for spiInit
    microps.o(i.main) refers to microps.o(i.pioPinMode) for pioPinMode
    microps.o(i.main) refers to microps.o(i.user_interface_setup) for user_interface_setup
    microps.o(i.main) refers to microps.o(i.pioDigitalWrite) for pioDigitalWrite
    microps.o(i.main) refers to microps.o(i.send_orientation) for send_orientation
    microps.o(i.main) refers to microps.o(.data) for starting_orientation
    microps.o(i.pioDigitalRead) refers to microps.o(i.pioPinToBase) for pioPinToBase
    microps.o(i.pioDigitalWrite) refers to microps.o(i.pioPinToBase) for pioPinToBase
    microps.o(i.pioInit) refers to microps.o(i.pmcEnablePeriph) for pmcEnablePeriph
    microps.o(i.pioPinMode) refers to microps.o(i.pioPinToBase) for pioPinToBase
    microps.o(i.pioPinResistor) refers to microps.o(i.pioPinToBase) for pioPinToBase
    microps.o(i.pioPinToBase) refers to microps.o(i.pioPinToPort) for pioPinToPort
    microps.o(i.pioPinToBase) refers to microps.o(i.pioPortToBase) for pioPortToBase
    microps.o(i.pioTogglePin) refers to microps.o(i.pioDigitalRead) for pioDigitalRead
    microps.o(i.pioTogglePin) refers to microps.o(i.pioDigitalWrite) for pioDigitalWrite
    microps.o(i.pwmInit) refers to microps.o(i.pmcEnablePeriph) for pmcEnablePeriph
    microps.o(i.pwmInit) refers to microps.o(i.pioInit) for pioInit
    microps.o(i.pwmInit) refers to microps.o(i.pioPinMode) for pioPinMode
    microps.o(i.pwmInit) refers to rt_memcpy_w.o(.text) for __aeabi_memcpy4
    microps.o(i.pwmInit) refers to microps.o(.constdata) for .constdata
    microps.o(i.samInit) refers to microps.o(i.wdtDisable) for wdtDisable
    microps.o(i.samInit) refers to microps.o(i.pmcDisableWriteProtection) for pmcDisableWriteProtection
    microps.o(i.samInit) refers to microps.o(i.pmcMainClkBypass) for pmcMainClkBypass
    microps.o(i.send_orientation) refers to microps.o(i.pioPinMode) for pioPinMode
    microps.o(i.send_orientation) refers to microps.o(i.pioDigitalWrite) for pioDigitalWrite
    microps.o(i.send_orientation) refers to microps.o(i.spiSendReceive) for spiSendReceive
    microps.o(i.spiInit) refers to microps.o(i.pmcEnablePeriph) for pmcEnablePeriph
    microps.o(i.spiInit) refers to microps.o(i.pioInit) for pioInit
    microps.o(i.spiInit) refers to microps.o(i.pioPinMode) for pioPinMode
    microps.o(i.spiSendReceive16) refers to microps.o(i.spiSendReceive) for spiSendReceive
    microps.o(i.tcChannelInit) refers to microps.o(i.tcChannelToBlockBase) for tcChannelToBlockBase
    microps.o(i.tcChannelToBlockBase) refers to microps.o(i.tcChannelToBlock) for tcChannelToBlock
    microps.o(i.tcChannelToBlockBase) refers to microps.o(i.tcBlockToBlockBase) for tcBlockToBlockBase
    microps.o(i.tcCheckRC_compare) refers to microps.o(i.tcChannelToBlockBase) for tcChannelToBlockBase
    microps.o(i.tcDelayInit) refers to microps.o(i.tcInit) for tcInit
    microps.o(i.tcDelayInit) refers to microps.o(i.tcChannelInit) for tcChannelInit
    microps.o(i.tcDelayMillis) refers to microps.o(i.tcDelayMicroseconds) for tcDelayMicroseconds
    microps.o(i.tcDelaySeconds) refers to microps.o(i.tcDelayMillis) for tcDelayMillis
    microps.o(i.tcInit) refers to microps.o(i.pmcEnablePeriph) for pmcEnablePeriph
    microps.o(i.tcReadChannel) refers to microps.o(i.tcChannelToBlockBase) for tcChannelToBlockBase
    microps.o(i.tcResetChannel) refers to microps.o(i.tcChannelToBlockBase) for tcChannelToBlockBase
    microps.o(i.tcSetRC_compare) refers to microps.o(i.tcChannelToBlockBase) for tcChannelToBlockBase
    microps.o(i.uartInit) refers to microps.o(i.pmcEnablePeriph) for pmcEnablePeriph
    microps.o(i.uartInit) refers to microps.o(i.pioInit) for pioInit
    microps.o(i.uartInit) refers to microps.o(i.pioPinMode) for pioPinMode
    microps.o(i.uartRx) refers to microps.o(i.uartRxReady) for uartRxReady
    microps.o(i.user_interface_setup) refers to microps.o(i.pioPinMode) for pioPinMode
    microps.o(i.user_interface_setup) refers to microps.o(i.pioDigitalRead) for pioDigitalRead
    startup_sam4s.o(STACK) refers (Special) to heapauxi.o(.text) for __use_two_region_memory
    startup_sam4s.o(HEAP) refers (Special) to heapauxi.o(.text) for __use_two_region_memory
    startup_sam4s.o(RESET) refers (Special) to heapauxi.o(.text) for __use_two_region_memory
    startup_sam4s.o(RESET) refers to startup_sam4s.o(STACK) for __initial_sp
    startup_sam4s.o(RESET) refers to startup_sam4s.o(.text) for Reset_Handler
    startup_sam4s.o(.text) refers (Special) to heapauxi.o(.text) for __use_two_region_memory
    startup_sam4s.o(.text) refers to system_sam4s.o(i.SystemInit) for SystemInit
    startup_sam4s.o(.text) refers to __main.o(!!!main) for __main
    startup_sam4s.o(.text) refers to startup_sam4s.o(HEAP) for Heap_Mem
    startup_sam4s.o(.text) refers to startup_sam4s.o(STACK) for Stack_Mem
    system_sam4s.o(i.SystemCoreClockUpdate) refers to system_sam4s.o(.data) for SystemCoreClock
    __main.o(!!!main) refers to __rtentry.o(.ARM.Collect$$rtentry$$00000000) for __rt_entry
    d2f.o(x$fpl$d2f) refers (Special) to usenofp.o(x$fpl$usenofp) for __I$use$fp
    d2f.o(x$fpl$d2f) refers to fretinf.o(x$fpl$fretinf) for __fpl_fretinf
    d2f.o(x$fpl$d2f) refers to dnaninf.o(x$fpl$dnaninf) for __fpl_dnaninf
    dmul.o(x$fpl$dmul) refers (Special) to usenofp.o(x$fpl$usenofp) for __I$use$fp
    dmul.o(x$fpl$dmul) refers to dretinf.o(x$fpl$dretinf) for __fpl_dretinf
    dmul.o(x$fpl$dmul) refers to dnaninf.o(x$fpl$dnaninf) for __fpl_dnaninf
    f2d.o(x$fpl$f2d) refers (Special) to usenofp.o(x$fpl$usenofp) for __I$use$fp
    f2d.o(x$fpl$f2d) refers to fnaninf.o(x$fpl$fnaninf) for __fpl_fnaninf
    f2d.o(x$fpl$f2d) refers to dretinf.o(x$fpl$dretinf) for __fpl_dretinf
    fdiv.o(x$fpl$frdiv) refers (Special) to usenofp.o(x$fpl$usenofp) for __I$use$fp
    fdiv.o(x$fpl$frdiv) refers to fdiv.o(x$fpl$fdiv) for _fdiv1
    fdiv.o(x$fpl$fdiv) refers (Special) to usenofp.o(x$fpl$usenofp) for __I$use$fp
    fdiv.o(x$fpl$fdiv) refers to fretinf.o(x$fpl$fretinf) for __fpl_fretinf
    fdiv.o(x$fpl$fdiv) refers to fnaninf.o(x$fpl$fnaninf) for __fpl_fnaninf
    fflt_clz.o(x$fpl$ffltu) refers (Special) to usenofp.o(x$fpl$usenofp) for __I$use$fp
    fflt_clz.o(x$fpl$fflt) refers (Special) to usenofp.o(x$fpl$usenofp) for __I$use$fp
    fflt_clz.o(x$fpl$ffltn) refers (Special) to usenofp.o(x$fpl$usenofp) for __I$use$fp
    __rtentry.o(.ARM.Collect$$rtentry$$00000000) refers (Special) to __rtentry2.o(.ARM.Collect$$rtentry$$0000000A) for __rt_entry_li
    __rtentry.o(.ARM.Collect$$rtentry$$00000000) refers (Special) to __rtentry2.o(.ARM.Collect$$rtentry$$0000000D) for __rt_entry_main
    __rtentry.o(.ARM.Collect$$rtentry$$00000000) refers (Special) to __rtentry2.o(.ARM.Collect$$rtentry$$0000000C) for __rt_entry_postli_1
    __rtentry.o(.ARM.Collect$$rtentry$$00000000) refers (Special) to __rtentry2.o(.ARM.Collect$$rtentry$$00000009) for __rt_entry_postsh_1
    __rtentry.o(.ARM.Collect$$rtentry$$00000000) refers (Special) to __rtentry2.o(.ARM.Collect$$rtentry$$00000002) for __rt_entry_presh_1
    __rtentry.o(.ARM.Collect$$rtentry$$00000000) refers (Special) to __rtentry4.o(.ARM.Collect$$rtentry$$00000004) for __rt_entry_sh
    dnaninf.o(x$fpl$dnaninf) refers (Special) to usenofp.o(x$fpl$usenofp) for __I$use$fp
    dretinf.o(x$fpl$dretinf) refers (Special) to usenofp.o(x$fpl$usenofp) for __I$use$fp
    fnaninf.o(x$fpl$fnaninf) refers (Special) to usenofp.o(x$fpl$usenofp) for __I$use$fp
    fretinf.o(x$fpl$fretinf) refers (Special) to usenofp.o(x$fpl$usenofp) for __I$use$fp
    __rtentry2.o(.ARM.Collect$$rtentry$$00000008) refers to boardinit2.o(.text) for _platform_post_stackheap_init
    __rtentry2.o(.ARM.Collect$$rtentry$$0000000A) refers to libinit.o(.ARM.Collect$$libinit$$00000000) for __rt_lib_init
    __rtentry2.o(.ARM.Collect$$rtentry$$0000000B) refers to boardinit3.o(.text) for _platform_post_lib_init
    __rtentry2.o(.ARM.Collect$$rtentry$$0000000D) refers to microps.o(i.main) for main
    __rtentry2.o(.ARM.Collect$$rtentry$$0000000D) refers to exit.o(.text) for exit
    __rtentry2.o(.ARM.exidx) refers to __rtentry2.o(.ARM.Collect$$rtentry$$00000001) for .ARM.Collect$$rtentry$$00000001
    __rtentry2.o(.ARM.exidx) refers to __rtentry2.o(.ARM.Collect$$rtentry$$00000008) for .ARM.Collect$$rtentry$$00000008
    __rtentry2.o(.ARM.exidx) refers to __rtentry2.o(.ARM.Collect$$rtentry$$0000000A) for .ARM.Collect$$rtentry$$0000000A
    __rtentry2.o(.ARM.exidx) refers to __rtentry2.o(.ARM.Collect$$rtentry$$0000000B) for .ARM.Collect$$rtentry$$0000000B
    __rtentry2.o(.ARM.exidx) refers to __rtentry2.o(.ARM.Collect$$rtentry$$0000000D) for .ARM.Collect$$rtentry$$0000000D
    __rtentry4.o(.ARM.Collect$$rtentry$$00000004) refers to sys_stackheap_outer.o(.text) for __user_setup_stackheap
    __rtentry4.o(.ARM.exidx) refers to __rtentry4.o(.ARM.Collect$$rtentry$$00000004) for .ARM.Collect$$rtentry$$00000004
    sys_stackheap_outer.o(.text) refers to libspace.o(.text) for __user_perproc_libspace
    sys_stackheap_outer.o(.text) refers to startup_sam4s.o(.text) for __user_initial_stackheap
    exit.o(.text) refers to rtexit.o(.ARM.Collect$$rtexit$$00000000) for __rt_exit
    libinit.o(.ARM.Collect$$libinit$$00000000) refers (Special) to libinit2.o(.ARM.Collect$$libinit$$0000002E) for __rt_lib_init_alloca_1
    libinit.o(.ARM.Collect$$libinit$$00000000) refers (Special) to libinit2.o(.ARM.Collect$$libinit$$0000002C) for __rt_lib_init_argv_1
    libinit.o(.ARM.Collect$$libinit$$00000000) refers (Special) to libinit2.o(.ARM.Collect$$libinit$$0000001B) for __rt_lib_init_atexit_1
    libinit.o(.ARM.Collect$$libinit$$00000000) refers (Special) to libinit2.o(.ARM.Collect$$libinit$$00000021) for __rt_lib_init_clock_1
    libinit.o(.ARM.Collect$$libinit$$00000000) refers (Special) to libinit2.o(.ARM.Collect$$libinit$$00000032) for __rt_lib_init_cpp_1
    libinit.o(.ARM.Collect$$libinit$$00000000) refers (Special) to libinit2.o(.ARM.Collect$$libinit$$00000030) for __rt_lib_init_exceptions_1
    libinit.o(.ARM.Collect$$libinit$$00000000) refers (Special) to libinit2.o(.ARM.Collect$$libinit$$00000002) for __rt_lib_init_fp_1
    libinit.o(.ARM.Collect$$libinit$$00000000) refers (Special) to libinit2.o(.ARM.Collect$$libinit$$0000001F) for __rt_lib_init_fp_trap_1
    libinit.o(.ARM.Collect$$libinit$$00000000) refers (Special) to libinit2.o(.ARM.Collect$$libinit$$00000023) for __rt_lib_init_getenv_1
    libinit.o(.ARM.Collect$$libinit$$00000000) refers (Special) to libinit2.o(.ARM.Collect$$libinit$$0000000A) for __rt_lib_init_heap_1
    libinit.o(.ARM.Collect$$libinit$$00000000) refers (Special) to libinit2.o(.ARM.Collect$$libinit$$00000011) for __rt_lib_init_lc_collate_1
    libinit.o(.ARM.Collect$$libinit$$00000000) refers (Special) to libinit2.o(.ARM.Collect$$libinit$$00000013) for __rt_lib_init_lc_ctype_1
    libinit.o(.ARM.Collect$$libinit$$00000000) refers (Special) to libinit2.o(.ARM.Collect$$libinit$$00000015) for __rt_lib_init_lc_monetary_1
    libinit.o(.ARM.Collect$$libinit$$00000000) refers (Special) to libinit2.o(.ARM.Collect$$libinit$$00000017) for __rt_lib_init_lc_numeric_1
    libinit.o(.ARM.Collect$$libinit$$00000000) refers (Special) to libinit2.o(.ARM.Collect$$libinit$$00000019) for __rt_lib_init_lc_time_1
    libinit.o(.ARM.Collect$$libinit$$00000000) refers (Special) to libinit2.o(.ARM.Collect$$libinit$$00000004) for __rt_lib_init_preinit_1
    libinit.o(.ARM.Collect$$libinit$$00000000) refers (Special) to libinit2.o(.ARM.Collect$$libinit$$0000000E) for __rt_lib_init_rand_1
    libinit.o(.ARM.Collect$$libinit$$00000000) refers (Special) to libinit2.o(.ARM.Collect$$libinit$$00000033) for __rt_lib_init_return
    libinit.o(.ARM.Collect$$libinit$$00000000) refers (Special) to libinit2.o(.ARM.Collect$$libinit$$0000001D) for __rt_lib_init_signal_1
    libinit.o(.ARM.Collect$$libinit$$00000000) refers (Special) to libinit2.o(.ARM.Collect$$libinit$$00000025) for __rt_lib_init_stdio_1
    libinit.o(.ARM.Collect$$libinit$$00000000) refers (Special) to libinit2.o(.ARM.Collect$$libinit$$0000000C) for __rt_lib_init_user_alloc_1
    libspace.o(.text) refers to libspace.o(.bss) for __libspace_start
    rtexit.o(.ARM.Collect$$rtexit$$00000000) refers (Special) to rtexit2.o(.ARM.Collect$$rtexit$$00000004) for __rt_exit_exit
    rtexit.o(.ARM.Collect$$rtexit$$00000000) refers (Special) to rtexit2.o(.ARM.Collect$$rtexit$$00000003) for __rt_exit_ls
    rtexit.o(.ARM.Collect$$rtexit$$00000000) refers (Special) to rtexit2.o(.ARM.Collect$$rtexit$$00000002) for __rt_exit_prels_1
    rtexit.o(.ARM.exidx) refers (Special) to rtexit2.o(.ARM.Collect$$rtexit$$00000004) for __rt_exit_exit
    rtexit.o(.ARM.exidx) refers (Special) to rtexit2.o(.ARM.Collect$$rtexit$$00000003) for __rt_exit_ls
    rtexit.o(.ARM.exidx) refers (Special) to rtexit2.o(.ARM.Collect$$rtexit$$00000002) for __rt_exit_prels_1
    rtexit.o(.ARM.exidx) refers to rtexit.o(.ARM.Collect$$rtexit$$00000000) for .ARM.Collect$$rtexit$$00000000
    libinit2.o(.ARM.Collect$$libinit$$00000010) refers to libinit2.o(.ARM.Collect$$libinit$$0000000F) for .ARM.Collect$$libinit$$0000000F
    libinit2.o(.ARM.Collect$$libinit$$00000012) refers to libinit2.o(.ARM.Collect$$libinit$$0000000F) for .ARM.Collect$$libinit$$0000000F
    libinit2.o(.ARM.Collect$$libinit$$00000014) refers to libinit2.o(.ARM.Collect$$libinit$$0000000F) for .ARM.Collect$$libinit$$0000000F
    libinit2.o(.ARM.Collect$$libinit$$00000016) refers to libinit2.o(.ARM.Collect$$libinit$$0000000F) for .ARM.Collect$$libinit$$0000000F
    libinit2.o(.ARM.Collect$$libinit$$00000018) refers to libinit2.o(.ARM.Collect$$libinit$$0000000F) for .ARM.Collect$$libinit$$0000000F
    libinit2.o(.ARM.Collect$$libinit$$00000026) refers to argv_veneer.o(.emb_text) for __ARM_argv_veneer
    libinit2.o(.ARM.Collect$$libinit$$00000027) refers to argv_veneer.o(.emb_text) for __ARM_argv_veneer
    rtexit2.o(.ARM.Collect$$rtexit$$00000003) refers to libshutdown.o(.ARM.Collect$$libshutdown$$00000000) for __rt_lib_shutdown
    rtexit2.o(.ARM.Collect$$rtexit$$00000004) refers to sys_exit.o(.text) for _sys_exit
    rtexit2.o(.ARM.exidx) refers to rtexit2.o(.ARM.Collect$$rtexit$$00000001) for .ARM.Collect$$rtexit$$00000001
    rtexit2.o(.ARM.exidx) refers to rtexit2.o(.ARM.Collect$$rtexit$$00000003) for .ARM.Collect$$rtexit$$00000003
    rtexit2.o(.ARM.exidx) refers to rtexit2.o(.ARM.Collect$$rtexit$$00000004) for .ARM.Collect$$rtexit$$00000004
    argv_veneer.o(.emb_text) refers to no_argv.o(.text) for __ARM_get_argv
    sys_exit.o(.text) refers (Special) to use_no_semi.o(.text) for __I$use$semihosting
    sys_exit.o(.text) refers (Special) to indicate_semi.o(.text) for __semihosting_library_function
    _get_argv_nomalloc.o(.text) refers (Special) to hrguard.o(.text) for __heap_region$guard
    _get_argv_nomalloc.o(.text) refers to defsig_rtmem_outer.o(.text) for __rt_SIGRTMEM
    _get_argv_nomalloc.o(.text) refers to sys_command.o(.text) for _sys_command_string
    libshutdown.o(.ARM.Collect$$libshutdown$$00000000) refers (Special) to libshutdown2.o(.ARM.Collect$$libshutdown$$00000002) for __rt_lib_shutdown_cpp_1
    libshutdown.o(.ARM.Collect$$libshutdown$$00000000) refers (Special) to libshutdown2.o(.ARM.Collect$$libshutdown$$00000007) for __rt_lib_shutdown_fp_trap_1
    libshutdown.o(.ARM.Collect$$libshutdown$$00000000) refers (Special) to libshutdown2.o(.ARM.Collect$$libshutdown$$0000000F) for __rt_lib_shutdown_heap_1
    libshutdown.o(.ARM.Collect$$libshutdown$$00000000) refers (Special) to libshutdown2.o(.ARM.Collect$$libshutdown$$00000010) for __rt_lib_shutdown_return
    libshutdown.o(.ARM.Collect$$libshutdown$$00000000) refers (Special) to libshutdown2.o(.ARM.Collect$$libshutdown$$0000000A) for __rt_lib_shutdown_signal_1
    libshutdown.o(.ARM.Collect$$libshutdown$$00000000) refers (Special) to libshutdown2.o(.ARM.Collect$$libshutdown$$00000004) for __rt_lib_shutdown_stdio_1
    libshutdown.o(.ARM.Collect$$libshutdown$$00000000) refers (Special) to libshutdown2.o(.ARM.Collect$$libshutdown$$0000000C) for __rt_lib_shutdown_user_alloc_1
    sys_command.o(.text) refers (Special) to use_no_semi.o(.text) for __I$use$semihosting
    sys_command.o(.text) refers (Special) to indicate_semi.o(.text) for __semihosting_library_function
    defsig_rtmem_outer.o(.text) refers to defsig_rtmem_inner.o(.text) for __rt_SIGRTMEM_inner
    defsig_rtmem_outer.o(.text) refers to defsig_exit.o(.text) for __sig_exit
    defsig_rtmem_formal.o(.text) refers to rt_raise.o(.text) for __rt_raise
    rt_raise.o(.text) refers to __raise.o(.text) for __raise
    rt_raise.o(.text) refers to sys_exit.o(.text) for _sys_exit
    defsig_exit.o(.text) refers to sys_exit.o(.text) for _sys_exit
    defsig_rtmem_inner.o(.text) refers to defsig_general.o(.text) for __default_signal_display
    __raise.o(.text) refers to defsig.o(CL$$defsig) for __default_signal_handler
    defsig_general.o(.text) refers to sys_wrch.o(.text) for _ttywrch
    sys_wrch.o(.text) refers (Special) to use_no_semi.o(.text) for __I$use$semihosting
    sys_wrch.o(.text) refers (Special) to indicate_semi.o(.text) for __semihosting_library_function
    defsig.o(CL$$defsig) refers to defsig_rtmem_inner.o(.text) for __rt_SIGRTMEM_inner
    defsig_abrt_inner.o(.text) refers to defsig_general.o(.text) for __default_signal_display
    defsig_fpe_inner.o(.text) refers to defsig_general.o(.text) for __default_signal_display
    defsig_rtred_inner.o(.text) refers to defsig_general.o(.text) for __default_signal_display
    defsig_stak_inner.o(.text) refers to defsig_general.o(.text) for __default_signal_display
    defsig_pvfn_inner.o(.text) refers to defsig_general.o(.text) for __default_signal_display
    defsig_cppl_inner.o(.text) refers to defsig_general.o(.text) for __default_signal_display
    defsig_segv_inner.o(.text) refers to defsig_general.o(.text) for __default_signal_display
    defsig_other.o(.text) refers to defsig_general.o(.text) for __default_signal_display


==============================================================================

Removing Unused input sections from the image.

    Removing microps.o(i.adcChannelInit), (220 bytes).
    Removing microps.o(i.adcInit), (48 bytes).
    Removing microps.o(i.adcRead), (128 bytes).
    Removing microps.o(i.pioPinResistor), (122 bytes).
    Removing microps.o(i.pioTogglePin), (30 bytes).
    Removing microps.o(i.pmcCheckMasterClk), (28 bytes).
    Removing microps.o(i.pmcEnableWriteProtection), (16 bytes).
    Removing microps.o(i.pwmInit), (280 bytes).
    Removing microps.o(i.rtcInit), (20 bytes).
    Removing microps.o(i.rtcReadAmPm), (16 bytes).
    Removing microps.o(i.rtcReadCent), (28 bytes).
    Removing microps.o(i.rtcReadDate), (32 bytes).
    Removing microps.o(i.rtcReadDay), (16 bytes).
    Removing microps.o(i.rtcReadHour), (32 bytes).
    Removing microps.o(i.rtcReadMin), (32 bytes).
    Removing microps.o(i.rtcReadMonth), (32 bytes).
    Removing microps.o(i.rtcReadSec), (28 bytes).
    Removing microps.o(i.rtcReadYear), (32 bytes).
    Removing microps.o(i.rtcUpdateDate), (160 bytes).
    Removing microps.o(i.rtcUpdateTime), (148 bytes).
    Removing microps.o(i.spiSendReceive16), (28 bytes).
    Removing microps.o(i.tcBlockToBlockBase), (20 bytes).
    Removing microps.o(i.tcChannelInit), (102 bytes).
    Removing microps.o(i.tcChannelToBlock), (10 bytes).
    Removing microps.o(i.tcChannelToBlockBase), (18 bytes).
    Removing microps.o(i.tcCheckRC_compare), (34 bytes).
    Removing microps.o(i.tcDelayInit), (18 bytes).
    Removing microps.o(i.tcDelayMicroseconds), (44 bytes).
    Removing microps.o(i.tcDelayMillis), (24 bytes).
    Removing microps.o(i.tcDelaySeconds), (24 bytes).
    Removing microps.o(i.tcInit), (16 bytes).
    Removing microps.o(i.tcReadChannel), (30 bytes).
    Removing microps.o(i.tcResetChannel), (42 bytes).
    Removing microps.o(i.tcSetRC_compare), (32 bytes).
    Removing microps.o(i.uartInit), (84 bytes).
    Removing microps.o(i.uartRx), (24 bytes).
    Removing microps.o(i.uartRxReady), (16 bytes).
    Removing microps.o(i.uartTx), (28 bytes).
    Removing microps.o(.constdata), (44 bytes).
    Removing system_sam4s.o(.rev16_text), (4 bytes).
    Removing system_sam4s.o(.revsh_text), (4 bytes).
    Removing system_sam4s.o(.rrx_text), (6 bytes).
    Removing system_sam4s.o(i.SystemCoreClockUpdate), (388 bytes).
    Removing system_sam4s.o(.data), (4 bytes).

44 unused section(s) (total 2492 bytes) removed from the image.

==============================================================================

Image Symbol Table

    Local Symbols

    Symbol Name                              Value     Ov Type        Size  Object(Section)

    ../clib/angel/boardlib.s                 0x00000000   Number         0  boardinit3.o ABSOLUTE
    ../clib/angel/boardlib.s                 0x00000000   Number         0  boardinit2.o ABSOLUTE
    ../clib/angel/boardlib.s                 0x00000000   Number         0  boardinit1.o ABSOLUTE
    ../clib/angel/boardlib.s                 0x00000000   Number         0  boardshut.o ABSOLUTE
    ../clib/angel/handlers.s                 0x00000000   Number         0  __scatter_zi.o ABSOLUTE
    ../clib/angel/handlers.s                 0x00000000   Number         0  __scatter_copy.o ABSOLUTE
    ../clib/angel/kernel.s                   0x00000000   Number         0  rtexit.o ABSOLUTE
    ../clib/angel/kernel.s                   0x00000000   Number         0  rtexit2.o ABSOLUTE
    ../clib/angel/kernel.s                   0x00000000   Number         0  __rtentry4.o ABSOLUTE
    ../clib/angel/kernel.s                   0x00000000   Number         0  __rtentry2.o ABSOLUTE
    ../clib/angel/kernel.s                   0x00000000   Number         0  __rtentry.o ABSOLUTE
    ../clib/angel/rt.s                       0x00000000   Number         0  rt_raise.o ABSOLUTE
    ../clib/angel/scatter.s                  0x00000000   Number         0  __scatter.o ABSOLUTE
    ../clib/angel/startup.s                  0x00000000   Number         0  __main.o ABSOLUTE
    ../clib/angel/sys.s                      0x00000000   Number         0  use_no_semi.o ABSOLUTE
    ../clib/angel/sys.s                      0x00000000   Number         0  libspace.o ABSOLUTE
    ../clib/angel/sys.s                      0x00000000   Number         0  indicate_semi.o ABSOLUTE
    ../clib/angel/sys.s                      0x00000000   Number         0  sys_stackheap_outer.o ABSOLUTE
    ../clib/angel/sysapp.c                   0x00000000   Number         0  sys_command.o ABSOLUTE
    ../clib/angel/sysapp.c                   0x00000000   Number         0  sys_exit.o ABSOLUTE
    ../clib/angel/sysapp.c                   0x00000000   Number         0  sys_wrch.o ABSOLUTE
    ../clib/armsys.c                         0x00000000   Number         0  argv_veneer.o ABSOLUTE
    ../clib/armsys.c                         0x00000000   Number         0  argv_veneer.o ABSOLUTE
    ../clib/armsys.c                         0x00000000   Number         0  _get_argv_nomalloc.o ABSOLUTE
    ../clib/armsys.c                         0x00000000   Number         0  no_argv.o ABSOLUTE
    ../clib/heapalloc.c                      0x00000000   Number         0  hrguard.o ABSOLUTE
    ../clib/heapaux.c                        0x00000000   Number         0  heapauxi.o ABSOLUTE
    ../clib/libinit.s                        0x00000000   Number         0  libinit2.o ABSOLUTE
    ../clib/libinit.s                        0x00000000   Number         0  libinit.o ABSOLUTE
    ../clib/libinit.s                        0x00000000   Number         0  libshutdown.o ABSOLUTE
    ../clib/libinit.s                        0x00000000   Number         0  libshutdown2.o ABSOLUTE
    ../clib/memcpset.s                       0x00000000   Number         0  rt_memcpy_w.o ABSOLUTE
    ../clib/signal.c                         0x00000000   Number         0  defsig_rtmem_inner.o ABSOLUTE
    ../clib/signal.c                         0x00000000   Number         0  defsig_other.o ABSOLUTE
    ../clib/signal.c                         0x00000000   Number         0  defsig_segv_inner.o ABSOLUTE
    ../clib/signal.c                         0x00000000   Number         0  defsig_cppl_inner.o ABSOLUTE
    ../clib/signal.c                         0x00000000   Number         0  defsig_pvfn_inner.o ABSOLUTE
    ../clib/signal.c                         0x00000000   Number         0  defsig_stak_inner.o ABSOLUTE
    ../clib/signal.c                         0x00000000   Number         0  defsig_rtred_inner.o ABSOLUTE
    ../clib/signal.c                         0x00000000   Number         0  defsig_fpe_inner.o ABSOLUTE
    ../clib/signal.c                         0x00000000   Number         0  defsig_abrt_inner.o ABSOLUTE
    ../clib/signal.c                         0x00000000   Number         0  defsig_general.o ABSOLUTE
    ../clib/signal.c                         0x00000000   Number         0  __raise.o ABSOLUTE
    ../clib/signal.c                         0x00000000   Number         0  defsig_rtmem_outer.o ABSOLUTE
    ../clib/signal.c                         0x00000000   Number         0  defsig_exit.o ABSOLUTE
    ../clib/signal.c                         0x00000000   Number         0  defsig_rtmem_formal.o ABSOLUTE
    ../clib/signal.s                         0x00000000   Number         0  defsig.o ABSOLUTE
    ../clib/stdlib.c                         0x00000000   Number         0  exit.o ABSOLUTE
    ../fplib/d2f.s                           0x00000000   Number         0  d2f.o ABSOLUTE
    ../fplib/dmul.s                          0x00000000   Number         0  dmul.o ABSOLUTE
    ../fplib/dnaninf.s                       0x00000000   Number         0  dnaninf.o ABSOLUTE
    ../fplib/dretinf.s                       0x00000000   Number         0  dretinf.o ABSOLUTE
    ../fplib/f2d.s                           0x00000000   Number         0  f2d.o ABSOLUTE
    ../fplib/fdiv.s                          0x00000000   Number         0  fdiv.o ABSOLUTE
    ../fplib/fflt.s                          0x00000000   Number         0  fflt_clz.o ABSOLUTE
    ../fplib/fnaninf.s                       0x00000000   Number         0  fnaninf.o ABSOLUTE
    ../fplib/fpinit.s                        0x00000000   Number         0  fpinit.o ABSOLUTE
    ../fplib/fretinf.s                       0x00000000   Number         0  fretinf.o ABSOLUTE
    ../fplib/usenofp.s                       0x00000000   Number         0  usenofp.o ABSOLUTE
    RTE\Device\ATSAM4S4B\startup_SAM4S.s     0x00000000   Number         0  startup_sam4s.o ABSOLUTE
    RTE\Device\ATSAM4S4B\system_SAM4S.c      0x00000000   Number         0  system_sam4s.o ABSOLUTE
    RTE\\Device\\ATSAM4S4B\\system_SAM4S.c   0x00000000   Number         0  system_sam4s.o ABSOLUTE
    dc.s                                     0x00000000   Number         0  dc.o ABSOLUTE
    microps.c                                0x00000000   Number         0  microps.o ABSOLUTE
    RESET                                    0x00400000   Section      204  startup_sam4s.o(RESET)
    !!!main                                  0x004000cc   Section        8  __main.o(!!!main)
    !!!scatter                               0x004000d4   Section       52  __scatter.o(!!!scatter)
    !!handler_copy                           0x00400108   Section       26  __scatter_copy.o(!!handler_copy)
    !!handler_zi                             0x00400124   Section       28  __scatter_zi.o(!!handler_zi)
    .ARM.Collect$$libinit$$00000000          0x00400140   Section        2  libinit.o(.ARM.Collect$$libinit$$00000000)
    .ARM.Collect$$libinit$$00000002          0x00400142   Section        0  libinit2.o(.ARM.Collect$$libinit$$00000002)
    .ARM.Collect$$libinit$$00000004          0x00400142   Section        0  libinit2.o(.ARM.Collect$$libinit$$00000004)
    .ARM.Collect$$libinit$$0000000A          0x00400142   Section        0  libinit2.o(.ARM.Collect$$libinit$$0000000A)
    .ARM.Collect$$libinit$$0000000C          0x00400142   Section        0  libinit2.o(.ARM.Collect$$libinit$$0000000C)
    .ARM.Collect$$libinit$$0000000E          0x00400142   Section        0  libinit2.o(.ARM.Collect$$libinit$$0000000E)
    .ARM.Collect$$libinit$$00000011          0x00400142   Section        0  libinit2.o(.ARM.Collect$$libinit$$00000011)
    .ARM.Collect$$libinit$$00000013          0x00400142   Section        0  libinit2.o(.ARM.Collect$$libinit$$00000013)
    .ARM.Collect$$libinit$$00000015          0x00400142   Section        0  libinit2.o(.ARM.Collect$$libinit$$00000015)
    .ARM.Collect$$libinit$$00000017          0x00400142   Section        0  libinit2.o(.ARM.Collect$$libinit$$00000017)
    .ARM.Collect$$libinit$$00000019          0x00400142   Section        0  libinit2.o(.ARM.Collect$$libinit$$00000019)
    .ARM.Collect$$libinit$$0000001B          0x00400142   Section        0  libinit2.o(.ARM.Collect$$libinit$$0000001B)
    .ARM.Collect$$libinit$$0000001D          0x00400142   Section        0  libinit2.o(.ARM.Collect$$libinit$$0000001D)
    .ARM.Collect$$libinit$$0000001F          0x00400142   Section        0  libinit2.o(.ARM.Collect$$libinit$$0000001F)
    .ARM.Collect$$libinit$$00000021          0x00400142   Section        0  libinit2.o(.ARM.Collect$$libinit$$00000021)
    .ARM.Collect$$libinit$$00000023          0x00400142   Section        0  libinit2.o(.ARM.Collect$$libinit$$00000023)
    .ARM.Collect$$libinit$$00000025          0x00400142   Section        0  libinit2.o(.ARM.Collect$$libinit$$00000025)
    .ARM.Collect$$libinit$$0000002C          0x00400142   Section        0  libinit2.o(.ARM.Collect$$libinit$$0000002C)
    .ARM.Collect$$libinit$$0000002E          0x00400142   Section        0  libinit2.o(.ARM.Collect$$libinit$$0000002E)
    .ARM.Collect$$libinit$$00000030          0x00400142   Section        0  libinit2.o(.ARM.Collect$$libinit$$00000030)
    .ARM.Collect$$libinit$$00000032          0x00400142   Section        0  libinit2.o(.ARM.Collect$$libinit$$00000032)
    .ARM.Collect$$libinit$$00000033          0x00400142   Section        2  libinit2.o(.ARM.Collect$$libinit$$00000033)
    .ARM.Collect$$libshutdown$$00000000      0x00400144   Section        2  libshutdown.o(.ARM.Collect$$libshutdown$$00000000)
    .ARM.Collect$$libshutdown$$00000002      0x00400146   Section        0  libshutdown2.o(.ARM.Collect$$libshutdown$$00000002)
    .ARM.Collect$$libshutdown$$00000004      0x00400146   Section        0  libshutdown2.o(.ARM.Collect$$libshutdown$$00000004)
    .ARM.Collect$$libshutdown$$00000007      0x00400146   Section        0  libshutdown2.o(.ARM.Collect$$libshutdown$$00000007)
    .ARM.Collect$$libshutdown$$0000000A      0x00400146   Section        0  libshutdown2.o(.ARM.Collect$$libshutdown$$0000000A)
    .ARM.Collect$$libshutdown$$0000000C      0x00400146   Section        0  libshutdown2.o(.ARM.Collect$$libshutdown$$0000000C)
    .ARM.Collect$$libshutdown$$0000000F      0x00400146   Section        0  libshutdown2.o(.ARM.Collect$$libshutdown$$0000000F)
    .ARM.Collect$$libshutdown$$00000010      0x00400146   Section        2  libshutdown2.o(.ARM.Collect$$libshutdown$$00000010)
    .ARM.Collect$$rtentry$$00000000          0x00400148   Section        0  __rtentry.o(.ARM.Collect$$rtentry$$00000000)
    .ARM.Collect$$rtentry$$00000002          0x00400148   Section        0  __rtentry2.o(.ARM.Collect$$rtentry$$00000002)
    .ARM.Collect$$rtentry$$00000004          0x00400148   Section        6  __rtentry4.o(.ARM.Collect$$rtentry$$00000004)
    .ARM.Collect$$rtentry$$00000009          0x0040014e   Section        0  __rtentry2.o(.ARM.Collect$$rtentry$$00000009)
    .ARM.Collect$$rtentry$$0000000A          0x0040014e   Section        4  __rtentry2.o(.ARM.Collect$$rtentry$$0000000A)
    .ARM.Collect$$rtentry$$0000000C          0x00400152   Section        0  __rtentry2.o(.ARM.Collect$$rtentry$$0000000C)
    .ARM.Collect$$rtentry$$0000000D          0x00400152   Section        8  __rtentry2.o(.ARM.Collect$$rtentry$$0000000D)
    .ARM.Collect$$rtexit$$00000000           0x0040015a   Section        2  rtexit.o(.ARM.Collect$$rtexit$$00000000)
    .ARM.Collect$$rtexit$$00000002           0x0040015c   Section        0  rtexit2.o(.ARM.Collect$$rtexit$$00000002)
    .ARM.Collect$$rtexit$$00000003           0x0040015c   Section        4  rtexit2.o(.ARM.Collect$$rtexit$$00000003)
    .ARM.Collect$$rtexit$$00000004           0x00400160   Section        6  rtexit2.o(.ARM.Collect$$rtexit$$00000004)
    .text                                    0x00400168   Section       64  startup_sam4s.o(.text)
    .text                                    0x004001a8   Section        0  heapauxi.o(.text)
    .text                                    0x004001ae   Section       74  sys_stackheap_outer.o(.text)
    .text                                    0x004001f8   Section        0  exit.o(.text)
    .text                                    0x0040020c   Section        8  libspace.o(.text)
    .text                                    0x00400214   Section        0  sys_exit.o(.text)
    .text                                    0x00400220   Section        2  use_no_semi.o(.text)
    .text                                    0x00400222   Section        0  indicate_semi.o(.text)
    i.SystemInit                             0x00400224   Section        0  system_sam4s.o(i.SystemInit)
    i.main                                   0x00400250   Section        0  microps.o(i.main)
    i.pioDigitalRead                         0x004002b0   Section        0  microps.o(i.pioDigitalRead)
    i.pioDigitalWrite                        0x004002d4   Section        0  microps.o(i.pioDigitalWrite)
    i.pioInit                                0x0040030a   Section        0  microps.o(i.pioInit)
    i.pioPinMode                             0x0040031a   Section        0  microps.o(i.pioPinMode)
    i.pioPinToBase                           0x004003f4   Section        0  microps.o(i.pioPinToBase)
    i.pioPinToPort                           0x00400406   Section        0  microps.o(i.pioPinToPort)
    i.pioPortToBase                          0x0040040c   Section        0  microps.o(i.pioPortToBase)
    i.pmcDisableWriteProtection              0x00400420   Section        0  microps.o(i.pmcDisableWriteProtection)
    i.pmcEnablePeriph                        0x00400430   Section        0  microps.o(i.pmcEnablePeriph)
    i.pmcMainClkBypass                       0x00400440   Section        0  microps.o(i.pmcMainClkBypass)
    i.samInit                                0x0040047c   Section        0  microps.o(i.samInit)
    i.send_orientation                       0x0040048c   Section        0  microps.o(i.send_orientation)
    i.spiInit                                0x004004e4   Section        0  microps.o(i.spiInit)
    i.spiSendReceive                         0x00400554   Section        0  microps.o(i.spiSendReceive)
    i.user_interface_setup                   0x0040057c   Section        0  microps.o(i.user_interface_setup)
    i.wdtDisable                             0x00400598   Section        0  microps.o(i.wdtDisable)
    .data                                    0x20000000   Section       67  microps.o(.data)
    .bss                                     0x20000044   Section       96  libspace.o(.bss)
    HEAP                                     0x200000a8   Section      512  startup_sam4s.o(HEAP)
    Heap_Mem                                 0x200000a8   Data         512  startup_sam4s.o(HEAP)
    STACK                                    0x200002a8   Section      512  startup_sam4s.o(STACK)
    Stack_Mem                                0x200002a8   Data         512  startup_sam4s.o(STACK)
    __initial_sp                             0x200004a8   Data           0  startup_sam4s.o(STACK)

    Global Symbols

    Symbol Name                              Value     Ov Type        Size  Object(Section)

    BuildAttributes$$THM_ISAv4$E$P$D$K$B$S$7EM$PE$A:L22UL41UL21$X:L11$S22US41US21$IEEE1$IW$USESV6$~STKCKD$USESV7$~SHL$OSPACE$ROPI$EBA8$UX$STANDARDLIB$REQ8$PRES8$EABIv2 0x00000000   Number         0  anon$$obj.o ABSOLUTE
    __ARM_use_no_argv                        0x00000000   Number         0  microps.o ABSOLUTE
    __ARM_exceptions_init                     - Undefined Weak Reference
    __alloca_initialize                       - Undefined Weak Reference
    __arm_preinit_                            - Undefined Weak Reference
    __cpp_initialize__aeabi_                  - Undefined Weak Reference
    __cxa_finalize                            - Undefined Weak Reference
    __rt_locale                               - Undefined Weak Reference
    __sigvec_lookup                           - Undefined Weak Reference
    _atexit_init                              - Undefined Weak Reference
    _call_atexit_fns                          - Undefined Weak Reference
    _clock_init                               - Undefined Weak Reference
    _fp_trap_init                             - Undefined Weak Reference
    _fp_trap_shutdown                         - Undefined Weak Reference
    _get_lc_collate                           - Undefined Weak Reference
    _get_lc_ctype                             - Undefined Weak Reference
    _get_lc_monetary                          - Undefined Weak Reference
    _get_lc_numeric                           - Undefined Weak Reference
    _get_lc_time                              - Undefined Weak Reference
    _getenv_init                              - Undefined Weak Reference
    _handle_redirection                       - Undefined Weak Reference
    _init_alloc                               - Undefined Weak Reference
    _init_user_alloc                          - Undefined Weak Reference
    _initio                                   - Undefined Weak Reference
    _rand_init                                - Undefined Weak Reference
    _signal_finish                            - Undefined Weak Reference
    _signal_init                              - Undefined Weak Reference
    _terminate_alloc                          - Undefined Weak Reference
    _terminate_user_alloc                     - Undefined Weak Reference
    _terminateio                              - Undefined Weak Reference
    __Vectors_Size                           0x000000cc   Number         0  startup_sam4s.o ABSOLUTE
    __Vectors                                0x00400000   Data           4  startup_sam4s.o(RESET)
    __Vectors_End                            0x004000cc   Data           0  startup_sam4s.o(RESET)
    __main                                   0x004000cd   Thumb Code     8  __main.o(!!!main)
    __scatterload                            0x004000d5   Thumb Code     0  __scatter.o(!!!scatter)
    __scatterload_rt2                        0x004000d5   Thumb Code    44  __scatter.o(!!!scatter)
    __scatterload_rt2_thumb_only             0x004000d5   Thumb Code     0  __scatter.o(!!!scatter)
    __scatterload_null                       0x004000e3   Thumb Code     0  __scatter.o(!!!scatter)
    __scatterload_copy                       0x00400109   Thumb Code    26  __scatter_copy.o(!!handler_copy)
    __scatterload_zeroinit                   0x00400125   Thumb Code    28  __scatter_zi.o(!!handler_zi)
    __rt_lib_init                            0x00400141   Thumb Code     0  libinit.o(.ARM.Collect$$libinit$$00000000)
    __rt_lib_init_alloca_1                   0x00400143   Thumb Code     0  libinit2.o(.ARM.Collect$$libinit$$0000002E)
    __rt_lib_init_argv_1                     0x00400143   Thumb Code     0  libinit2.o(.ARM.Collect$$libinit$$0000002C)
    __rt_lib_init_atexit_1                   0x00400143   Thumb Code     0  libinit2.o(.ARM.Collect$$libinit$$0000001B)
    __rt_lib_init_clock_1                    0x00400143   Thumb Code     0  libinit2.o(.ARM.Collect$$libinit$$00000021)
    __rt_lib_init_cpp_1                      0x00400143   Thumb Code     0  libinit2.o(.ARM.Collect$$libinit$$00000032)
    __rt_lib_init_exceptions_1               0x00400143   Thumb Code     0  libinit2.o(.ARM.Collect$$libinit$$00000030)
    __rt_lib_init_fp_1                       0x00400143   Thumb Code     0  libinit2.o(.ARM.Collect$$libinit$$00000002)
    __rt_lib_init_fp_trap_1                  0x00400143   Thumb Code     0  libinit2.o(.ARM.Collect$$libinit$$0000001F)
    __rt_lib_init_getenv_1                   0x00400143   Thumb Code     0  libinit2.o(.ARM.Collect$$libinit$$00000023)
    __rt_lib_init_heap_1                     0x00400143   Thumb Code     0  libinit2.o(.ARM.Collect$$libinit$$0000000A)
    __rt_lib_init_lc_collate_1               0x00400143   Thumb Code     0  libinit2.o(.ARM.Collect$$libinit$$00000011)
    __rt_lib_init_lc_ctype_1                 0x00400143   Thumb Code     0  libinit2.o(.ARM.Collect$$libinit$$00000013)
    __rt_lib_init_lc_monetary_1              0x00400143   Thumb Code     0  libinit2.o(.ARM.Collect$$libinit$$00000015)
    __rt_lib_init_lc_numeric_1               0x00400143   Thumb Code     0  libinit2.o(.ARM.Collect$$libinit$$00000017)
    __rt_lib_init_lc_time_1                  0x00400143   Thumb Code     0  libinit2.o(.ARM.Collect$$libinit$$00000019)
    __rt_lib_init_preinit_1                  0x00400143   Thumb Code     0  libinit2.o(.ARM.Collect$$libinit$$00000004)
    __rt_lib_init_rand_1                     0x00400143   Thumb Code     0  libinit2.o(.ARM.Collect$$libinit$$0000000E)
    __rt_lib_init_return                     0x00400143   Thumb Code     0  libinit2.o(.ARM.Collect$$libinit$$00000033)
    __rt_lib_init_signal_1                   0x00400143   Thumb Code     0  libinit2.o(.ARM.Collect$$libinit$$0000001D)
    __rt_lib_init_stdio_1                    0x00400143   Thumb Code     0  libinit2.o(.ARM.Collect$$libinit$$00000025)
    __rt_lib_init_user_alloc_1               0x00400143   Thumb Code     0  libinit2.o(.ARM.Collect$$libinit$$0000000C)
    __rt_lib_shutdown                        0x00400145   Thumb Code     0  libshutdown.o(.ARM.Collect$$libshutdown$$00000000)
    __rt_lib_shutdown_cpp_1                  0x00400147   Thumb Code     0  libshutdown2.o(.ARM.Collect$$libshutdown$$00000002)
    __rt_lib_shutdown_fp_trap_1              0x00400147   Thumb Code     0  libshutdown2.o(.ARM.Collect$$libshutdown$$00000007)
    __rt_lib_shutdown_heap_1                 0x00400147   Thumb Code     0  libshutdown2.o(.ARM.Collect$$libshutdown$$0000000F)
    __rt_lib_shutdown_return                 0x00400147   Thumb Code     0  libshutdown2.o(.ARM.Collect$$libshutdown$$00000010)
    __rt_lib_shutdown_signal_1               0x00400147   Thumb Code     0  libshutdown2.o(.ARM.Collect$$libshutdown$$0000000A)
    __rt_lib_shutdown_stdio_1                0x00400147   Thumb Code     0  libshutdown2.o(.ARM.Collect$$libshutdown$$00000004)
    __rt_lib_shutdown_user_alloc_1           0x00400147   Thumb Code     0  libshutdown2.o(.ARM.Collect$$libshutdown$$0000000C)
    __rt_entry                               0x00400149   Thumb Code     0  __rtentry.o(.ARM.Collect$$rtentry$$00000000)
    __rt_entry_presh_1                       0x00400149   Thumb Code     0  __rtentry2.o(.ARM.Collect$$rtentry$$00000002)
    __rt_entry_sh                            0x00400149   Thumb Code     0  __rtentry4.o(.ARM.Collect$$rtentry$$00000004)
    __rt_entry_li                            0x0040014f   Thumb Code     0  __rtentry2.o(.ARM.Collect$$rtentry$$0000000A)
    __rt_entry_postsh_1                      0x0040014f   Thumb Code     0  __rtentry2.o(.ARM.Collect$$rtentry$$00000009)
    __rt_entry_main                          0x00400153   Thumb Code     0  __rtentry2.o(.ARM.Collect$$rtentry$$0000000D)
    __rt_entry_postli_1                      0x00400153   Thumb Code     0  __rtentry2.o(.ARM.Collect$$rtentry$$0000000C)
    __rt_exit                                0x0040015b   Thumb Code     0  rtexit.o(.ARM.Collect$$rtexit$$00000000)
    __rt_exit_ls                             0x0040015d   Thumb Code     0  rtexit2.o(.ARM.Collect$$rtexit$$00000003)
    __rt_exit_prels_1                        0x0040015d   Thumb Code     0  rtexit2.o(.ARM.Collect$$rtexit$$00000002)
    __rt_exit_exit                           0x00400161   Thumb Code     0  rtexit2.o(.ARM.Collect$$rtexit$$00000004)
    Reset_Handler                            0x00400169   Thumb Code     8  startup_sam4s.o(.text)
    NMI_Handler                              0x00400171   Thumb Code     2  startup_sam4s.o(.text)
    HardFault_Handler                        0x00400173   Thumb Code     2  startup_sam4s.o(.text)
    MemManage_Handler                        0x00400175   Thumb Code     2  startup_sam4s.o(.text)
    BusFault_Handler                         0x00400177   Thumb Code     2  startup_sam4s.o(.text)
    UsageFault_Handler                       0x00400179   Thumb Code     2  startup_sam4s.o(.text)
    SVC_Handler                              0x0040017b   Thumb Code     2  startup_sam4s.o(.text)
    DebugMon_Handler                         0x0040017d   Thumb Code     2  startup_sam4s.o(.text)
    PendSV_Handler                           0x0040017f   Thumb Code     2  startup_sam4s.o(.text)
    SysTick_Handler                          0x00400181   Thumb Code     2  startup_sam4s.o(.text)
    ACC_IRQHandler                           0x00400183   Thumb Code     0  startup_sam4s.o(.text)
    ADC_IRQHandler                           0x00400183   Thumb Code     0  startup_sam4s.o(.text)
    CRCCU_IRQHandler                         0x00400183   Thumb Code     0  startup_sam4s.o(.text)
    DACC_IRQHandler                          0x00400183   Thumb Code     0  startup_sam4s.o(.text)
    EEFC0_IRQHandler                         0x00400183   Thumb Code     0  startup_sam4s.o(.text)
    EEFC1_IRQHandler                         0x00400183   Thumb Code     0  startup_sam4s.o(.text)
    HSMCI_IRQHandler                         0x00400183   Thumb Code     0  startup_sam4s.o(.text)
    PIOA_IRQHandler                          0x00400183   Thumb Code     0  startup_sam4s.o(.text)
    PIOB_IRQHandler                          0x00400183   Thumb Code     0  startup_sam4s.o(.text)
    PIOC_IRQHandler                          0x00400183   Thumb Code     0  startup_sam4s.o(.text)
    PMC_IRQHandler                           0x00400183   Thumb Code     0  startup_sam4s.o(.text)
    PWM_IRQHandler                           0x00400183   Thumb Code     0  startup_sam4s.o(.text)
    RSTC_IRQHandler                          0x00400183   Thumb Code     0  startup_sam4s.o(.text)
    RTC_IRQHandler                           0x00400183   Thumb Code     0  startup_sam4s.o(.text)
    RTT_IRQHandler                           0x00400183   Thumb Code     0  startup_sam4s.o(.text)
    SPI_IRQHandler                           0x00400183   Thumb Code     0  startup_sam4s.o(.text)
    SSC_IRQHandler                           0x00400183   Thumb Code     0  startup_sam4s.o(.text)
    SUPC_IRQHandler                          0x00400183   Thumb Code     0  startup_sam4s.o(.text)
    TC0_IRQHandler                           0x00400183   Thumb Code     0  startup_sam4s.o(.text)
    TC1_IRQHandler                           0x00400183   Thumb Code     0  startup_sam4s.o(.text)
    TC2_IRQHandler                           0x00400183   Thumb Code     0  startup_sam4s.o(.text)
    TC3_IRQHandler                           0x00400183   Thumb Code     0  startup_sam4s.o(.text)
    TC4_IRQHandler                           0x00400183   Thumb Code     0  startup_sam4s.o(.text)
    TC5_IRQHandler                           0x00400183   Thumb Code     0  startup_sam4s.o(.text)
    TWI0_IRQHandler                          0x00400183   Thumb Code     0  startup_sam4s.o(.text)
    TWI1_IRQHandler                          0x00400183   Thumb Code     0  startup_sam4s.o(.text)
    UART0_IRQHandler                         0x00400183   Thumb Code     0  startup_sam4s.o(.text)
    UART1_IRQHandler                         0x00400183   Thumb Code     0  startup_sam4s.o(.text)
    UDP_IRQHandler                           0x00400183   Thumb Code     0  startup_sam4s.o(.text)
    USART0_IRQHandler                        0x00400183   Thumb Code     0  startup_sam4s.o(.text)
    USART1_IRQHandler                        0x00400183   Thumb Code     0  startup_sam4s.o(.text)
    WDT_IRQHandler                           0x00400183   Thumb Code     0  startup_sam4s.o(.text)
    __user_initial_stackheap                 0x00400185   Thumb Code     0  startup_sam4s.o(.text)
    __use_two_region_memory                  0x004001a9   Thumb Code     2  heapauxi.o(.text)
    __rt_heap_escrow$2region                 0x004001ab   Thumb Code     2  heapauxi.o(.text)
    __rt_heap_expand$2region                 0x004001ad   Thumb Code     2  heapauxi.o(.text)
    __user_setup_stackheap                   0x004001af   Thumb Code    74  sys_stackheap_outer.o(.text)
    exit                                     0x004001f9   Thumb Code    18  exit.o(.text)
    __user_libspace                          0x0040020d   Thumb Code     8  libspace.o(.text)
    __user_perproc_libspace                  0x0040020d   Thumb Code     0  libspace.o(.text)
    __user_perthread_libspace                0x0040020d   Thumb Code     0  libspace.o(.text)
    _sys_exit                                0x00400215   Thumb Code     8  sys_exit.o(.text)
    __I$use$semihosting                      0x00400221   Thumb Code     0  use_no_semi.o(.text)
    __use_no_semihosting_swi                 0x00400221   Thumb Code     2  use_no_semi.o(.text)
    __semihosting_library_function           0x00400223   Thumb Code     0  indicate_semi.o(.text)
    SystemInit                               0x00400225   Thumb Code    28  system_sam4s.o(i.SystemInit)
    main                                     0x00400251   Thumb Code    92  microps.o(i.main)
    pioDigitalRead                           0x004002b1   Thumb Code    36  microps.o(i.pioDigitalRead)
    pioDigitalWrite                          0x004002d5   Thumb Code    54  microps.o(i.pioDigitalWrite)
    pioInit                                  0x0040030b   Thumb Code    16  microps.o(i.pioInit)
    pioPinMode                               0x0040031b   Thumb Code   218  microps.o(i.pioPinMode)
    pioPinToBase                             0x004003f5   Thumb Code    18  microps.o(i.pioPinToBase)
    pioPinToPort                             0x00400407   Thumb Code     6  microps.o(i.pioPinToPort)
    pioPortToBase                            0x0040040d   Thumb Code    12  microps.o(i.pioPortToBase)
    pmcDisableWriteProtection                0x00400421   Thumb Code     8  microps.o(i.pmcDisableWriteProtection)
    pmcEnablePeriph                          0x00400431   Thumb Code    10  microps.o(i.pmcEnablePeriph)
    pmcMainClkBypass                         0x00400441   Thumb Code    52  microps.o(i.pmcMainClkBypass)
    samInit                                  0x0040047d   Thumb Code    16  microps.o(i.samInit)
    send_orientation                         0x0040048d   Thumb Code    86  microps.o(i.send_orientation)
    spiInit                                  0x004004e5   Thumb Code   108  microps.o(i.spiInit)
    spiSendReceive                           0x00400555   Thumb Code    36  microps.o(i.spiSendReceive)
    user_interface_setup                     0x0040057d   Thumb Code    26  microps.o(i.user_interface_setup)
    wdtDisable                               0x00400599   Thumb Code    18  microps.o(i.wdtDisable)
    Region$$Table$$Base                      0x004005b0   Number         0  anon$$obj.o(Region$$Table)
    Region$$Table$$Limit                     0x004005d0   Number         0  anon$$obj.o(Region$$Table)
    cwOrientation                            0x20000000   Data           4  microps.o(.data)
    newOritentation                          0x20000004   Data           9  microps.o(.data)
    starting_orientation                     0x2000000d   Data          54  microps.o(.data)
    __libspace_start                         0x20000044   Data          96  libspace.o(.bss)
    __temporary_stack_top$libspace           0x200000a4   Data           0  libspace.o(.bss)



==============================================================================

Memory Map of the image

  Image Entry point : 0x00400169

  Load Region LR_1 (Base: 0x00400000, Size: 0x00000614, Max: 0xffffffff, ABSOLUTE)

    Execution Region ER_RO (Exec base: 0x00400000, Load base: 0x00400000, Size: 0x000005d0, Max: 0xffffffff, ABSOLUTE)

    Exec Addr    Load Addr    Size         Type   Attr      Idx    E Section Name        Object

    0x00400000   0x00400000   0x000000cc   Data   RO          391    RESET               startup_sam4s.o
    0x004000cc   0x004000cc   0x00000008   Code   RO          623  * !!!main             c_w.l(__main.o)
    0x004000d4   0x004000d4   0x00000034   Code   RO          805    !!!scatter          c_w.l(__scatter.o)
    0x00400108   0x00400108   0x0000001a   Code   RO          807    !!handler_copy      c_w.l(__scatter_copy.o)
    0x00400122   0x00400122   0x00000002   PAD
    0x00400124   0x00400124   0x0000001c   Code   RO          809    !!handler_zi        c_w.l(__scatter_zi.o)
    0x00400140   0x00400140   0x00000002   Code   RO          675    .ARM.Collect$$libinit$$00000000  c_w.l(libinit.o)
    0x00400142   0x00400142   0x00000000   Code   RO          682    .ARM.Collect$$libinit$$00000002  c_w.l(libinit2.o)
    0x00400142   0x00400142   0x00000000   Code   RO          684    .ARM.Collect$$libinit$$00000004  c_w.l(libinit2.o)
    0x00400142   0x00400142   0x00000000   Code   RO          687    .ARM.Collect$$libinit$$0000000A  c_w.l(libinit2.o)
    0x00400142   0x00400142   0x00000000   Code   RO          689    .ARM.Collect$$libinit$$0000000C  c_w.l(libinit2.o)
    0x00400142   0x00400142   0x00000000   Code   RO          691    .ARM.Collect$$libinit$$0000000E  c_w.l(libinit2.o)
    0x00400142   0x00400142   0x00000000   Code   RO          694    .ARM.Collect$$libinit$$00000011  c_w.l(libinit2.o)
    0x00400142   0x00400142   0x00000000   Code   RO          696    .ARM.Collect$$libinit$$00000013  c_w.l(libinit2.o)
    0x00400142   0x00400142   0x00000000   Code   RO          698    .ARM.Collect$$libinit$$00000015  c_w.l(libinit2.o)
    0x00400142   0x00400142   0x00000000   Code   RO          700    .ARM.Collect$$libinit$$00000017  c_w.l(libinit2.o)
    0x00400142   0x00400142   0x00000000   Code   RO          702    .ARM.Collect$$libinit$$00000019  c_w.l(libinit2.o)
    0x00400142   0x00400142   0x00000000   Code   RO          704    .ARM.Collect$$libinit$$0000001B  c_w.l(libinit2.o)
    0x00400142   0x00400142   0x00000000   Code   RO          706    .ARM.Collect$$libinit$$0000001D  c_w.l(libinit2.o)
    0x00400142   0x00400142   0x00000000   Code   RO          708    .ARM.Collect$$libinit$$0000001F  c_w.l(libinit2.o)
    0x00400142   0x00400142   0x00000000   Code   RO          710    .ARM.Collect$$libinit$$00000021  c_w.l(libinit2.o)
    0x00400142   0x00400142   0x00000000   Code   RO          712    .ARM.Collect$$libinit$$00000023  c_w.l(libinit2.o)
    0x00400142   0x00400142   0x00000000   Code   RO          714    .ARM.Collect$$libinit$$00000025  c_w.l(libinit2.o)
    0x00400142   0x00400142   0x00000000   Code   RO          718    .ARM.Collect$$libinit$$0000002C  c_w.l(libinit2.o)
    0x00400142   0x00400142   0x00000000   Code   RO          720    .ARM.Collect$$libinit$$0000002E  c_w.l(libinit2.o)
    0x00400142   0x00400142   0x00000000   Code   RO          722    .ARM.Collect$$libinit$$00000030  c_w.l(libinit2.o)
    0x00400142   0x00400142   0x00000000   Code   RO          724    .ARM.Collect$$libinit$$00000032  c_w.l(libinit2.o)
    0x00400142   0x00400142   0x00000002   Code   RO          725    .ARM.Collect$$libinit$$00000033  c_w.l(libinit2.o)
    0x00400144   0x00400144   0x00000002   Code   RO          745    .ARM.Collect$$libshutdown$$00000000  c_w.l(libshutdown.o)
    0x00400146   0x00400146   0x00000000   Code   RO          758    .ARM.Collect$$libshutdown$$00000002  c_w.l(libshutdown2.o)
    0x00400146   0x00400146   0x00000000   Code   RO          760    .ARM.Collect$$libshutdown$$00000004  c_w.l(libshutdown2.o)
    0x00400146   0x00400146   0x00000000   Code   RO          763    .ARM.Collect$$libshutdown$$00000007  c_w.l(libshutdown2.o)
    0x00400146   0x00400146   0x00000000   Code   RO          766    .ARM.Collect$$libshutdown$$0000000A  c_w.l(libshutdown2.o)
    0x00400146   0x00400146   0x00000000   Code   RO          768    .ARM.Collect$$libshutdown$$0000000C  c_w.l(libshutdown2.o)
    0x00400146   0x00400146   0x00000000   Code   RO          771    .ARM.Collect$$libshutdown$$0000000F  c_w.l(libshutdown2.o)
    0x00400146   0x00400146   0x00000002   Code   RO          772    .ARM.Collect$$libshutdown$$00000010  c_w.l(libshutdown2.o)
    0x00400148   0x00400148   0x00000000   Code   RO          641    .ARM.Collect$$rtentry$$00000000  c_w.l(__rtentry.o)
    0x00400148   0x00400148   0x00000000   Code   RO          652    .ARM.Collect$$rtentry$$00000002  c_w.l(__rtentry2.o)
    0x00400148   0x00400148   0x00000006   Code   RO          664    .ARM.Collect$$rtentry$$00000004  c_w.l(__rtentry4.o)
    0x0040014e   0x0040014e   0x00000000   Code   RO          654    .ARM.Collect$$rtentry$$00000009  c_w.l(__rtentry2.o)
    0x0040014e   0x0040014e   0x00000004   Code   RO          655    .ARM.Collect$$rtentry$$0000000A  c_w.l(__rtentry2.o)
    0x00400152   0x00400152   0x00000000   Code   RO          657    .ARM.Collect$$rtentry$$0000000C  c_w.l(__rtentry2.o)
    0x00400152   0x00400152   0x00000008   Code   RO          658    .ARM.Collect$$rtentry$$0000000D  c_w.l(__rtentry2.o)
    0x0040015a   0x0040015a   0x00000002   Code   RO          679    .ARM.Collect$$rtexit$$00000000  c_w.l(rtexit.o)
    0x0040015c   0x0040015c   0x00000000   Code   RO          727    .ARM.Collect$$rtexit$$00000002  c_w.l(rtexit2.o)
    0x0040015c   0x0040015c   0x00000004   Code   RO          728    .ARM.Collect$$rtexit$$00000003  c_w.l(rtexit2.o)
    0x00400160   0x00400160   0x00000006   Code   RO          729    .ARM.Collect$$rtexit$$00000004  c_w.l(rtexit2.o)
    0x00400166   0x00400166   0x00000002   PAD
    0x00400168   0x00400168   0x00000040   Code   RO          392  * .text               startup_sam4s.o
    0x004001a8   0x004001a8   0x00000006   Code   RO          621    .text               c_w.l(heapauxi.o)
    0x004001ae   0x004001ae   0x0000004a   Code   RO          666    .text               c_w.l(sys_stackheap_outer.o)
    0x004001f8   0x004001f8   0x00000012   Code   RO          668    .text               c_w.l(exit.o)
    0x0040020a   0x0040020a   0x00000002   PAD
    0x0040020c   0x0040020c   0x00000008   Code   RO          676    .text               c_w.l(libspace.o)
    0x00400214   0x00400214   0x0000000c   Code   RO          737    .text               c_w.l(sys_exit.o)
    0x00400220   0x00400220   0x00000002   Code   RO          748    .text               c_w.l(use_no_semi.o)
    0x00400222   0x00400222   0x00000000   Code   RO          750    .text               c_w.l(indicate_semi.o)
    0x00400222   0x00400222   0x00000002   PAD
    0x00400224   0x00400224   0x0000002c   Code   RO          401    i.SystemInit        system_sam4s.o
    0x00400250   0x00400250   0x00000060   Code   RO            4    i.main              microps.o
    0x004002b0   0x004002b0   0x00000024   Code   RO            5    i.pioDigitalRead    microps.o
    0x004002d4   0x004002d4   0x00000036   Code   RO            6    i.pioDigitalWrite   microps.o
    0x0040030a   0x0040030a   0x00000010   Code   RO            7    i.pioInit           microps.o
    0x0040031a   0x0040031a   0x000000da   Code   RO            8    i.pioPinMode        microps.o
    0x004003f4   0x004003f4   0x00000012   Code   RO           10    i.pioPinToBase      microps.o
    0x00400406   0x00400406   0x00000006   Code   RO           11    i.pioPinToPort      microps.o
    0x0040040c   0x0040040c   0x00000014   Code   RO           12    i.pioPortToBase     microps.o
    0x00400420   0x00400420   0x00000010   Code   RO           15    i.pmcDisableWriteProtection  microps.o
    0x00400430   0x00400430   0x00000010   Code   RO           16    i.pmcEnablePeriph   microps.o
    0x00400440   0x00400440   0x0000003c   Code   RO           18    i.pmcMainClkBypass  microps.o
    0x0040047c   0x0040047c   0x00000010   Code   RO           32    i.samInit           microps.o
    0x0040048c   0x0040048c   0x00000056   Code   RO           33    i.send_orientation  microps.o
    0x004004e2   0x004004e2   0x00000002   PAD
    0x004004e4   0x004004e4   0x00000070   Code   RO           34    i.spiInit           microps.o
    0x00400554   0x00400554   0x00000028   Code   RO           35    i.spiSendReceive    microps.o
    0x0040057c   0x0040057c   0x0000001a   Code   RO           54    i.user_interface_setup  microps.o
    0x00400596   0x00400596   0x00000002   PAD
    0x00400598   0x00400598   0x00000018   Code   RO           55    i.wdtDisable        microps.o
    0x004005b0   0x004005b0   0x00000020   Data   RO          803    Region$$Table       anon$$obj.o


    Execution Region ER_RW (Exec base: 0x20000000, Load base: 0x004005d0, Size: 0x00000044, Max: 0xffffffff, ABSOLUTE)

    Exec Addr    Load Addr    Size         Type   Attr      Idx    E Section Name        Object

    0x20000000   0x004005d0   0x00000043   Data   RW           57    .data               microps.o


    Execution Region ER_ZI (Exec base: 0x20000044, Load base: 0x00400614, Size: 0x00000464, Max: 0xffffffff, ABSOLUTE)

    Exec Addr    Load Addr    Size         Type   Attr      Idx    E Section Name        Object

    0x20000044        -       0x00000060   Zero   RW          677    .bss                c_w.l(libspace.o)
    0x200000a4   0x00400614   0x00000004   PAD
    0x200000a8        -       0x00000200   Zero   RW          390    HEAP                startup_sam4s.o
    0x200002a8        -       0x00000200   Zero   RW          389    STACK               startup_sam4s.o


==============================================================================

Image component sizes


      Code (inc. data)   RO Data    RW Data    ZI Data      Debug   Object Name

       860         54          0         67          0      17165   microps.o
        64         26        204          0       1024        852   startup_sam4s.o
        44         16          0          0          0        473   system_sam4s.o

    ----------------------------------------------------------------------
       972         96        236         68       1024      18490   Object Totals
         0          0         32          0          0          0   (incl. Generated)
         4          0          0          1          0          0   (incl. Padding)

    ----------------------------------------------------------------------

      Code (inc. data)   RO Data    RW Data    ZI Data      Debug   Library Member Name

         8          0          0          0          0         68   __main.o
         0          0          0          0          0          0   __rtentry.o
        12          0          0          0          0          0   __rtentry2.o
         6          0          0          0          0          0   __rtentry4.o
        52          8          0          0          0          0   __scatter.o
        26          0          0          0          0          0   __scatter_copy.o
        28          0          0          0          0          0   __scatter_zi.o
        18          0          0          0          0         80   exit.o
         6          0          0          0          0        152   heapauxi.o
         0          0          0          0          0          0   indicate_semi.o
         2          0          0          0          0          0   libinit.o
         2          0          0          0          0          0   libinit2.o
         2          0          0          0          0          0   libshutdown.o
         2          0          0          0          0          0   libshutdown2.o
         8          4          0          0         96         68   libspace.o
         2          0          0          0          0          0   rtexit.o
        10          0          0          0          0          0   rtexit2.o
        12          4          0          0          0         68   sys_exit.o
        74          0          0          0          0         80   sys_stackheap_outer.o
         2          0          0          0          0         68   use_no_semi.o

    ----------------------------------------------------------------------
       280         16          0          0        100        584   Library Totals
         8          0          0          0          4          0   (incl. Padding)

    ----------------------------------------------------------------------

      Code (inc. data)   RO Data    RW Data    ZI Data      Debug   Library Name

       272         16          0          0         96        584   c_w.l

    ----------------------------------------------------------------------
       280         16          0          0        100        584   Library Totals

    ----------------------------------------------------------------------

==============================================================================


      Code (inc. data)   RO Data    RW Data    ZI Data      Debug   

      1252        112        236         68       1124      18134   Grand Totals
      1252        112        236         68       1124      18134   ELF Image Totals
      1252        112        236         68          0          0   ROM Totals

==============================================================================

    Total RO  Size (Code + RO Data)                 1488 (   1.45kB)
    Total RW  Size (RW Data + ZI Data)              1192 (   1.16kB)
    Total ROM Size (Code + RO Data + RW Data)       1556 (   1.52kB)

==============================================================================

